SQL> clear screen

SQL> SELECT ename, sal, sal*12+comm FROM emp;

ENAME             SAL SAL*12+COMM                                                                   
---------- ---------- -----------                                                                   
SMITH             800                                                                               
ALLEN            1600       19500                                                                   
WARD             1250       15500                                                                   
JONES            2975                                                                               
MARTIN           1250       16400                                                                   
BLAKE            2850                                                                               
CLARK            2450                                                                               
SCOTT            3000                                                                               
KING             5000                                                                               
TURNER           1500       18000                                                                   
ADAMS            1100                                                                               
JAMES             950                                                                               
FORD             3000                                                                               
MILLER           1300                                                                               

14 개의 행이 선택되었습니다.

SQL> SELECT ename, sal, sal*12+NVL(comm, 0) FROM emp;

ENAME             SAL SAL*12+NVL(COMM,0)                                                            
---------- ---------- ------------------                                                            
SMITH             800               9600                                                            
ALLEN            1600              19500                                                            
WARD             1250              15500                                                            
JONES            2975              35700                                                            
MARTIN           1250              16400                                                            
BLAKE            2850              34200                                                            
CLARK            2450              29400                                                            
SCOTT            3000              36000                                                            
KING             5000              60000                                                            
TURNER           1500              18000                                                            
ADAMS            1100              13200                                                            
JAMES             950              11400                                                            
FORD             3000              36000                                                            
MILLER           1300              15600                                                            

14 개의 행이 선택되었습니다.

SQL> SELECT ename, sal, sal*12+NVL(comm, 0) AS ANNSAL FROM emp;

ENAME             SAL     ANNSAL                                                                    
---------- ---------- ----------                                                                    
SMITH             800       9600                                                                    
ALLEN            1600      19500                                                                    
WARD             1250      15500                                                                    
JONES            2975      35700                                                                    
MARTIN           1250      16400                                                                    
BLAKE            2850      34200                                                                    
CLARK            2450      29400                                                                    
SCOTT            3000      36000                                                                    
KING             5000      60000                                                                    
TURNER           1500      18000                                                                    
ADAMS            1100      13200                                                                    
JAMES             950      11400                                                                    
FORD             3000      36000                                                                    
MILLER           1300      15600                                                                    

14 개의 행이 선택되었습니다.

SQL> SELECT ename, sal, sal*12+NVL(comm, 0) ANNSAL FROM emp;

ENAME             SAL     ANNSAL                                                                    
---------- ---------- ----------                                                                    
SMITH             800       9600                                                                    
ALLEN            1600      19500                                                                    
WARD             1250      15500                                                                    
JONES            2975      35700                                                                    
MARTIN           1250      16400                                                                    
BLAKE            2850      34200                                                                    
CLARK            2450      29400                                                                    
SCOTT            3000      36000                                                                    
KING             5000      60000                                                                    
TURNER           1500      18000                                                                    
ADAMS            1100      13200                                                                    
JAMES             950      11400                                                                    
FORD             3000      36000                                                                    
MILLER           1300      15600                                                                    

14 개의 행이 선택되었습니다.

SQL> SELECT ename, sal, sal*12+NVL(comm, 0) annsal FROM emp;

ENAME             SAL     ANNSAL                                                                    
---------- ---------- ----------                                                                    
SMITH             800       9600                                                                    
ALLEN            1600      19500                                                                    
WARD             1250      15500                                                                    
JONES            2975      35700                                                                    
MARTIN           1250      16400                                                                    
BLAKE            2850      34200                                                                    
CLARK            2450      29400                                                                    
SCOTT            3000      36000                                                                    
KING             5000      60000                                                                    
TURNER           1500      18000                                                                    
ADAMS            1100      13200                                                                    
JAMES             950      11400                                                                    
FORD             3000      36000                                                                    
MILLER           1300      15600                                                                    

14 개의 행이 선택되었습니다.

SQL> SELECT ename, sal, sal*12+NVL(comm, 0) "AnnSAL" FROM emp;

ENAME             SAL     AnnSAL                                                                    
---------- ---------- ----------                                                                    
SMITH             800       9600                                                                    
ALLEN            1600      19500                                                                    
WARD             1250      15500                                                                    
JONES            2975      35700                                                                    
MARTIN           1250      16400                                                                    
BLAKE            2850      34200                                                                    
CLARK            2450      29400                                                                    
SCOTT            3000      36000                                                                    
KING             5000      60000                                                                    
TURNER           1500      18000                                                                    
ADAMS            1100      13200                                                                    
JAMES             950      11400                                                                    
FORD             3000      36000                                                                    
MILLER           1300      15600                                                                    

14 개의 행이 선택되었습니다.

SQL> SELECT ename, sal, sal*12+NVL(comm, 0) "##AnnSAL##" FROM emp;

ENAME             SAL ##AnnSAL##                                                                    
---------- ---------- ----------                                                                    
SMITH             800       9600                                                                    
ALLEN            1600      19500                                                                    
WARD             1250      15500                                                                    
JONES            2975      35700                                                                    
MARTIN           1250      16400                                                                    
BLAKE            2850      34200                                                                    
CLARK            2450      29400                                                                    
SCOTT            3000      36000                                                                    
KING             5000      60000                                                                    
TURNER           1500      18000                                                                    
ADAMS            1100      13200                                                                    
JAMES             950      11400                                                                    
FORD             3000      36000                                                                    
MILLER           1300      15600                                                                    

14 개의 행이 선택되었습니다.

SQL> SELECT ename, sal, sal*12+NVL(comm, 0) "##Ann S A L##" FROM emp;

ENAME             SAL ##Ann S A L##                                                                 
---------- ---------- -------------                                                                 
SMITH             800          9600                                                                 
ALLEN            1600         19500                                                                 
WARD             1250         15500                                                                 
JONES            2975         35700                                                                 
MARTIN           1250         16400                                                                 
BLAKE            2850         34200                                                                 
CLARK            2450         29400                                                                 
SCOTT            3000         36000                                                                 
KING             5000         60000                                                                 
TURNER           1500         18000                                                                 
ADAMS            1100         13200                                                                 
JAMES             950         11400                                                                 
FORD             3000         36000                                                                 
MILLER           1300         15600                                                                 

14 개의 행이 선택되었습니다.

SQL> SELECT ename, sal, sal*12+NVL(comm, 0) "연봉" FROM emp;

ENAME             SAL       연봉                                                                    
---------- ---------- ----------                                                                    
SMITH             800       9600                                                                    
ALLEN            1600      19500                                                                    
WARD             1250      15500                                                                    
JONES            2975      35700                                                                    
MARTIN           1250      16400                                                                    
BLAKE            2850      34200                                                                    
CLARK            2450      29400                                                                    
SCOTT            3000      36000                                                                    
KING             5000      60000                                                                    
TURNER           1500      18000                                                                    
ADAMS            1100      13200                                                                    
JAMES             950      11400                                                                    
FORD             3000      36000                                                                    
MILLER           1300      15600                                                                    

14 개의 행이 선택되었습니다.

SQL> SELECT ename, job FROM emp;

ENAME      JOB                                                                                      
---------- ---------                                                                                
SMITH      CLERK                                                                                    
ALLEN      SALESMAN                                                                                 
WARD       SALESMAN                                                                                 
JONES      MANAGER                                                                                  
MARTIN     SALESMAN                                                                                 
BLAKE      MANAGER                                                                                  
CLARK      MANAGER                                                                                  
SCOTT      ANALYST                                                                                  
KING       PRESIDENT                                                                                
TURNER     SALESMAN                                                                                 
ADAMS      CLERK                                                                                    
JAMES      CLERK                                                                                    
FORD       ANALYST                                                                                  
MILLER     CLERK                                                                                    

14 개의 행이 선택되었습니다.

SQL> SELECT ename, " is a ", job FROM emp;
SELECT ename, " is a ", job FROM emp
              *
1행에 오류:
ORA-00904: " is a ": 부적합한 식별자 


SQL> SELECT ename, ' is a ', job FROM emp;

ENAME      'ISA'  JOB                                                                               
---------- ------ ---------                                                                         
SMITH       is a  CLERK                                                                             
ALLEN       is a  SALESMAN                                                                          
WARD        is a  SALESMAN                                                                          
JONES       is a  MANAGER                                                                           
MARTIN      is a  SALESMAN                                                                          
BLAKE       is a  MANAGER                                                                           
CLARK       is a  MANAGER                                                                           
SCOTT       is a  ANALYST                                                                           
KING        is a  PRESIDENT                                                                         
TURNER      is a  SALESMAN                                                                          
ADAMS       is a  CLERK                                                                             
JAMES       is a  CLERK                                                                             
FORD        is a  ANALYST                                                                           
MILLER      is a  CLERK                                                                             

14 개의 행이 선택되었습니다.

SQL> SELECT ename || ' is a ' || job FROM emp;

ENAME||'ISA'||JOB                                                                                   
-------------------------                                                                           
SMITH is a CLERK                                                                                    
ALLEN is a SALESMAN                                                                                 
WARD is a SALESMAN                                                                                  
JONES is a MANAGER                                                                                  
MARTIN is a SALESMAN                                                                                
BLAKE is a MANAGER                                                                                  
CLARK is a MANAGER                                                                                  
SCOTT is a ANALYST                                                                                  
KING is a PRESIDENT                                                                                 
TURNER is a SALESMAN                                                                                
ADAMS is a CLERK                                                                                    
JAMES is a CLERK                                                                                    
FORD is a ANALYST                                                                                   
MILLER is a CLERK                                                                                   

14 개의 행이 선택되었습니다.

SQL> 
SQL> SELECT ename || ' is a ' || job AS "연결연산자 사용" FROM emp;

연결연산자 사용                                                                                     
-------------------------                                                                           
SMITH is a CLERK                                                                                    
ALLEN is a SALESMAN                                                                                 
WARD is a SALESMAN                                                                                  
JONES is a MANAGER                                                                                  
MARTIN is a SALESMAN                                                                                
BLAKE is a MANAGER                                                                                  
CLARK is a MANAGER                                                                                  
SCOTT is a ANALYST                                                                                  
KING is a PRESIDENT                                                                                 
TURNER is a SALESMAN                                                                                
ADAMS is a CLERK                                                                                    
JAMES is a CLERK                                                                                    
FORD is a ANALYST                                                                                   
MILLER is a CLERK                                                                                   

14 개의 행이 선택되었습니다.

SQL> 24*60
SP2-0042: 알 수 없는 명령어 "24*60" - 나머지 줄 무시.
SQL> SELECT 24*60
  2  ;

*
2행에 오류:
ORA-00923: FROM 키워드가 필요한 위치에 없습니다. 


SQL> SELECT 24*60 FROM emp;

     24*60                                                                                          
----------                                                                                          
      1440                                                                                          
      1440                                                                                          
      1440                                                                                          
      1440                                                                                          
      1440                                                                                          
      1440                                                                                          
      1440                                                                                          
      1440                                                                                          
      1440                                                                                          
      1440                                                                                          
      1440                                                                                          
      1440                                                                                          
      1440                                                                                          
      1440                                                                                          

14 개의 행이 선택되었습니다.

SQL> SELECT DISTINCT 24*60 FROM emp;

     24*60                                                                                          
----------                                                                                          
      1440                                                                                          

SQL> SELECT 24*60 FROM dual;

     24*60                                                                                          
----------                                                                                          
      1440                                                                                          

SQL> DESC dual;
 이름                                                  널?      유형
 ----------------------------------------------------- -------- ------------------------------------
 DUMMY                                                          VARCHAR2(1)

SQL> SELECT * FROM dual;

D                                                                                                   
-                                                                                                   
X                                                                                                   

SQL> SELECT sysdate FROM dual;

SYSDATE                                                                                             
--------                                                                                            
19/12/13                                                                                            

SQL> SELECT -10, ABS(-10) FROM dual;

       -10   ABS(-10)                                                                               
---------- ----------                                                                               
       -10         10                                                                               

SQL> SELECT 34.5432, FLOOR(34.5432) FROM dual;

   34.5432 FLOOR(34.5432)                                                                           
---------- --------------                                                                           
   34.5432             34                                                                           

SQL> SELECT 34.56789, ROUND(34.56789) FROM dual;

  34.56789 ROUND(34.56789)                                                                          
---------- ---------------                                                                          
  34.56789              35                                                                          

SQL> SELECT 34.56789, ROUND(34.56789, 2) FROM dual;

  34.56789 ROUND(34.56789,2)                                                                        
---------- -----------------                                                                        
  34.56789             34.57                                                                        

SQL> SELECT 34.56789, ROUND(34.56789, -1) FROM dual;

  34.56789 ROUND(34.56789,-1)                                                                       
---------- ------------------                                                                       
  34.56789                 30                                                                       

SQL> SELECT TRUNC(34.56789, 2),
  2  TRUNC(34.56789, 0),
  3  TRUNC(34.56789, -1),
  4  TRUNC(34.56789) FROM dual;

TRUNC(34.56789,2) TRUNC(34.56789,0) TRUNC(34.56789,-1) TRUNC(34.56789)                              
----------------- ----------------- ------------------ ---------------                              
            34.56                34                 30              34                              

SQL> 
SQL> 
SQL> SPOOL OFF
