SQL> 
SQL> SELECT ename, deptno,
  2  CASE deptno
  3  	WHEN 10	THEN 'ACCOUNTING'
  4  	WHEN 20 THEN 'DEVELOPMENT'
  5  	WHEN 30 THEN 'DESIGN'
  6  	ELSE 'DEFAULT'
  7  END AS dname
  8  FROM emp;

ENAME          DEPTNO DNAME                                                                         
---------- ---------- -----------                                                                   
SMITH              20 DEVELOPMENT                                                                   
ALLEN              30 DESIGN                                                                        
WARD               30 DESIGN                                                                        
JONES              20 DEVELOPMENT                                                                   
MARTIN             30 DESIGN                                                                        
BLAKE              30 DESIGN                                                                        
CLARK              10 ACCOUNTING                                                                    
SCOTT              20 DEVELOPMENT                                                                   
KING               10 ACCOUNTING                                                                    
TURNER             30 DESIGN                                                                        
ADAMS              20 DEVELOPMENT                                                                   
JAMES              30 DESIGN                                                                        
FORD               20 DEVELOPMENT                                                                   
MILLER             10 ACCOUNTING                                                                    

14 개의 행이 선택되었습니다.

SQL> SELECT deptno, sal FROM emp;

    DEPTNO        SAL                                                                               
---------- ----------                                                                               
        20        800                                                                               
        30       1600                                                                               
        30       1250                                                                               
        20       2975                                                                               
        30       1250                                                                               
        30       2850                                                                               
        10       2450                                                                               
        20       3000                                                                               
        10       5000                                                                               
        30       1500                                                                               
        20       1100                                                                               
        30        950                                                                               
        20       3000                                                                               
        10       1300                                                                               

14 개의 행이 선택되었습니다.

SQL> SELECT deptno, sal, ROUND(sal, -3) FROM emp;

    DEPTNO        SAL ROUND(SAL,-3)                                                                 
---------- ---------- -------------                                                                 
        20        800          1000                                                                 
        30       1600          2000                                                                 
        30       1250          1000                                                                 
        20       2975          3000                                                                 
        30       1250          1000                                                                 
        30       2850          3000                                                                 
        10       2450          2000                                                                 
        20       3000          3000                                                                 
        10       5000          5000                                                                 
        30       1500          2000                                                                 
        20       1100          1000                                                                 
        30        950          1000                                                                 
        20       3000          3000                                                                 
        10       1300          1000                                                                 

14 개의 행이 선택되었습니다.

SQL> SELECT ROUND(sal, -3) FROM emp;

ROUND(SAL,-3)                                                                                       
-------------                                                                                       
         1000                                                                                       
         2000                                                                                       
         1000                                                                                       
         3000                                                                                       
         1000                                                                                       
         3000                                                                                       
         2000                                                                                       
         3000                                                                                       
         5000                                                                                       
         2000                                                                                       
         1000                                                                                       
         1000                                                                                       
         3000                                                                                       
         1000                                                                                       

14 개의 행이 선택되었습니다.

SQL> SELECT SUM(sal) FROM emp;

  SUM(SAL)                                                                                          
----------                                                                                          
     29025                                                                                          

SQL> SELECT SUM(comm) FROM emp;

 SUM(COMM)                                                                                          
----------                                                                                          
      2200                                                                                          

SQL> SELECT AVG(sal) FROM emp;

  AVG(SAL)                                                                                          
----------                                                                                          
2073.21429                                                                                          

SQL> SELECT MAX(sal), MIN(sal) FROM emp;

  MAX(SAL)   MIN(SAL)                                                                               
---------- ----------                                                                               
      5000        800                                                                               

SQL> SELECT COUNT(comm) FROM emp;

COUNT(COMM)                                                                                         
-----------                                                                                         
          4                                                                                         

SQL> SELECT COUNT(*), COUNT(comm) FROM emp;

  COUNT(*) COUNT(COMM)                                                                              
---------- -----------                                                                              
        14           4                                                                              

SQL> SELECT COUNT(job) AS 업무수 FROM emp;

    업무수                                                                                          
----------                                                                                          
        14                                                                                          

SQL> SELECT job FROM emp ORDER BY job;

JOB                                                                                                 
---------                                                                                           
ANALYST                                                                                             
ANALYST                                                                                             
CLERK                                                                                               
CLERK                                                                                               
CLERK                                                                                               
CLERK                                                                                               
MANAGER                                                                                             
MANAGER                                                                                             
MANAGER                                                                                             
PRESIDENT                                                                                           
SALESMAN                                                                                            
SALESMAN                                                                                            
SALESMAN                                                                                            
SALESMAN                                                                                            

14 개의 행이 선택되었습니다.

SQL> SELECT COUNT(DISTINCT job) AS 업무수 FROM emp;
  2  ;
SELECT COUNT(DISTINCT job) AS 업무수 FROM emp;
                                             *
1행에 오류:
ORA-00911: 문자가 부적합합니다 


SQL> SELECT COUNT(DISTINCT job) AS 업무수 FROM emp;

    업무수                                                                                          
----------                                                                                          
         5                                                                                          

SQL> SELECT deptno FROM emp;

    DEPTNO                                                                                          
----------                                                                                          
        20                                                                                          
        30                                                                                          
        30                                                                                          
        20                                                                                          
        30                                                                                          
        30                                                                                          
        10                                                                                          
        20                                                                                          
        10                                                                                          
        30                                                                                          
        20                                                                                          
        30                                                                                          
        20                                                                                          
        10                                                                                          

14 개의 행이 선택되었습니다.

SQL> SELECT deptno FROM emp GROUP BY deptno;

    DEPTNO                                                                                          
----------                                                                                          
        30                                                                                          
        20                                                                                          
        10                                                                                          

SQL> SELECT AVG(sal) FROM emp GROUP BY deptno;

  AVG(SAL)                                                                                          
----------                                                                                          
1566.66667                                                                                          
      2175                                                                                          
2916.66667                                                                                          

SQL> SELECT deptno, AVG(sal) FROM emp GROUP BY deptno;

    DEPTNO   AVG(SAL)                                                                               
---------- ----------                                                                               
        30 1566.66667                                                                               
        20       2175                                                                               
        10 2916.66667                                                                               

SQL> SELECT deptno, ename, AVG(sal) FROM empGROUP BY deptno;
SELECT deptno, ename, AVG(sal) FROM empGROUP BY deptno
                                             *
1행에 오류:
ORA-00933: SQL 명령어가 올바르게 종료되지 않았습니다 


SQL> SELECT deptno, ename, AVG(sal) FROM emp GROUP BY deptno;
SELECT deptno, ename, AVG(sal) FROM emp GROUP BY deptno
               *
1행에 오류:
ORA-00979: GROUP BY 표현식이 아닙니다. 


SQL> SELECT deptno, SUM(sal), AVG(sal)
  2  FROM emp
  3  GROUP BY deptno;

    DEPTNO   SUM(SAL)   AVG(SAL)                                                                    
---------- ---------- ----------                                                                    
        30       9400 1566.66667                                                                    
        20      10875       2175                                                                    
        10       8750 2916.66667                                                                    

SQL> SELECT deptno, sal FROM emp
  2  ORDER BY deptno DESC, sal DESC;

    DEPTNO        SAL                                                                               
---------- ----------                                                                               
        30       2850                                                                               
        30       1600                                                                               
        30       1500                                                                               
        30       1250                                                                               
        30       1250                                                                               
        30        950                                                                               
        20       3000                                                                               
        20       3000                                                                               
        20       2975                                                                               
        20       1100                                                                               
        20        800                                                                               
        10       5000                                                                               
        10       2450                                                                               
        10       1300                                                                               

14 개의 행이 선택되었습니다.

SQL> SELECT deptno, MAX(sal), MIN(sal)
  2  FROM emp
  3  GROUP BY deptno;

    DEPTNO   MAX(SAL)   MIN(SAL)                                                                    
---------- ---------- ----------                                                                    
        30       2850        950                                                                    
        20       3000        800                                                                    
        10       5000       1300                                                                    

SQL> SELECT deptno, comm FROM emp ORDER BY deptno;

    DEPTNO       COMM                                                                               
---------- ----------                                                                               
        10                                                                                          
        10                                                                                          
        10                                                                                          
        20                                                                                          
        20                                                                                          
        20                                                                                          
        20                                                                                          
        20                                                                                          
        30        500                                                                               
        30          0                                                                               
        30        300                                                                               
        30                                                                                          
        30                                                                                          
        30       1400                                                                               

14 개의 행이 선택되었습니다.

SQL> SELECT deptno, COUNT(*), COUNT(comm)
  2  FROM emp
  3  GROUP BY deptno;

    DEPTNO   COUNT(*) COUNT(COMM)                                                                   
---------- ---------- -----------                                                                   
        30          6           4                                                                   
        20          5           0                                                                   
        10          3           0                                                                   

SQL> SELECT deptno, AVG(sal) FROM emp
  2  GROUP BY deptno;

    DEPTNO   AVG(SAL)                                                                               
---------- ----------                                                                               
        30 1566.66667                                                                               
        20       2175                                                                               
        10 2916.66667                                                                               

SQL> SELEC deptno, AVG(sal)
SP2-0734: "SELEC dept..."(으)로 시작되는 알 수 없는 명령 - 나머지 줄은 무시되었습니다.
SQL> SELECT deptno, AVG(sal)
  2  FROM emp
  3  GROUP BY deptno;

    DEPTNO   AVG(SAL)                                                                               
---------- ----------                                                                               
        30 1566.66667                                                                               
        20       2175                                                                               
        10 2916.66667                                                                               

SQL> SELECT deptno, AVG(sal)
  2  FROM emp
  3  GROUP BY deptno HAVING AVG(sal)>=2000;

    DEPTNO   AVG(SAL)                                                                               
---------- ----------                                                                               
        20       2175                                                                               
        10 2916.66667                                                                               

SQL> SPOOL OFF
