SQL> clear screen

SQL> CREATE TABLE emp01();
CREATE TABLE emp01()
                   *
1행에 오류:
ORA-00904: : 부적합한 식별자 


SQL> CREATE TABLE emp01(
  2  empno NUMBER(4),
  3  ename VARCHAR2(20),
  4  sal NUMBER(7, 2)
  5  );

테이블이 생성되었습니다.

SQL> SELECT * FROM emp01;

선택된 레코드가 없습니다.

SQL> DESC emp01;
 이름                                                  널?      유형
 ----------------------------------------------------- -------- ------------------------------------
 EMPNO                                                          NUMBER(4)
 ENAME                                                          VARCHAR2(20)
 SAL                                                            NUMBER(7,2)

SQL> CREATE TABLE emp02
  2  AS SELECT * FROM emp;

테이블이 생성되었습니다.

SQL> DESC emp02;
 이름                                                  널?      유형
 ----------------------------------------------------- -------- ------------------------------------
 EMPNO                                                          NUMBER(4)
 ENAME                                                          VARCHAR2(10)
 JOB                                                            VARCHAR2(9)
 MGR                                                            NUMBER(4)
 HIREDATE                                                       DATE
 SAL                                                            NUMBER(7,2)
 COMM                                                           NUMBER(7,2)
 DEPTNO                                                         NUMBER(2)

SQL> DESC emp;
 이름                                                  널?      유형
 ----------------------------------------------------- -------- ------------------------------------
 EMPNO                                                 NOT NULL NUMBER(4)
 ENAME                                                          VARCHAR2(10)
 JOB                                                            VARCHAR2(9)
 MGR                                                            NUMBER(4)
 HIREDATE                                                       DATE
 SAL                                                            NUMBER(7,2)
 COMM                                                           NUMBER(7,2)
 DEPTNO                                                         NUMBER(2)

SQL> SELECT * FROM emp02;

     EMPNO ENAME      JOB              MGR HIREDATE        SAL       COMM     DEPTNO                
---------- ---------- --------- ---------- -------- ---------- ---------- ----------                
      7369 SMITH      CLERK           7902 80/12/17        800                    20                
      7499 ALLEN      SALESMAN        7698 81/02/20       1600        300         30                
      7521 WARD       SALESMAN        7698 81/02/22       1250        500         30                
      7566 JONES      MANAGER         7839 81/04/02       2975                    20                
      7654 MARTIN     SALESMAN        7698 81/09/28       1250       1400         30                
      7698 BLAKE      MANAGER         7839 81/05/01       2850                    30                
      7782 CLARK      MANAGER         7839 81/06/09       2450                    10                
      7788 SCOTT      ANALYST         7566 87/04/19       3000                    20                
      7839 KING       PRESIDENT            81/11/17       5000                    10                
      7844 TURNER     SALESMAN        7698 81/09/08       1500          0         30                
      7876 ADAMS      CLERK           7788 87/05/23       1100                    20                
      7900 JAMES      CLERK           7698 81/12/03        950                    30                
      7902 FORD       ANALYST         7566 81/12/03       3000                    20                
      7934 MILLER     CLERK           7782 82/01/23       1300                    10                

14 개의 행이 선택되었습니다.

SQL> SELECT * FROM emp03;
SELECT * FROM emp03
              *
1행에 오류:
ORA-00942: 테이블 또는 뷰가 존재하지 않습니다 


SQL> CREATE TABLE emp03
  2  AS SELECT empno, ename FROM emp;

테이블이 생성되었습니다.

SQL> DESC emp03;
 이름                                                  널?      유형
 ----------------------------------------------------- -------- ------------------------------------
 EMPNO                                                          NUMBER(4)
 ENAME                                                          VARCHAR2(10)

SQL> SELECT * FROM emp03;

     EMPNO ENAME                                                                                    
---------- ----------                                                                               
      7369 SMITH                                                                                    
      7499 ALLEN                                                                                    
      7521 WARD                                                                                     
      7566 JONES                                                                                    
      7654 MARTIN                                                                                   
      7698 BLAKE                                                                                    
      7782 CLARK                                                                                    
      7788 SCOTT                                                                                    
      7839 KING                                                                                     
      7844 TURNER                                                                                   
      7876 ADAMS                                                                                    
      7900 JAMES                                                                                    
      7902 FORD                                                                                     
      7934 MILLER                                                                                   

14 개의 행이 선택되었습니다.

SQL> CREATE TABLE emp04
  2  AS SELECT * FROM emp WHERE deptno=10;

테이블이 생성되었습니다.

SQL> DESC emp04;
 이름                                                  널?      유형
 ----------------------------------------------------- -------- ------------------------------------
 EMPNO                                                          NUMBER(4)
 ENAME                                                          VARCHAR2(10)
 JOB                                                            VARCHAR2(9)
 MGR                                                            NUMBER(4)
 HIREDATE                                                       DATE
 SAL                                                            NUMBER(7,2)
 COMM                                                           NUMBER(7,2)
 DEPTNO                                                         NUMBER(2)

SQL> DESC emp04;
 이름                                                  널?      유형
 ----------------------------------------------------- -------- ------------------------------------
 EMPNO                                                          NUMBER(4)
 ENAME                                                          VARCHAR2(10)
 JOB                                                            VARCHAR2(9)
 MGR                                                            NUMBER(4)
 HIREDATE                                                       DATE
 SAL                                                            NUMBER(7,2)
 COMM                                                           NUMBER(7,2)
 DEPTNO                                                         NUMBER(2)

SQL> SELECT * FROM emp04
  2  ;

     EMPNO ENAME      JOB              MGR HIREDATE        SAL       COMM     DEPTNO                
---------- ---------- --------- ---------- -------- ---------- ---------- ----------                
      7782 CLARK      MANAGER         7839 81/06/09       2450                    10                
      7839 KING       PRESIDENT            81/11/17       5000                    10                
      7934 MILLER     CLERK           7782 82/01/23       1300                    10                

SQL> CREATE TABLE emp05
  2  AS SELECT * FROM emp WHERE 1=0;;;;
AS SELECT * FROM emp WHERE 1=0;;;
                              *
2행에 오류:
ORA-00911: 문자가 부적합합니다 


SQL> SELECT * FROM emp WHERE 1=0;

선택된 레코드가 없습니다.

SQL> CREATE TABLE emp05
  2  AS SELECT * FROM emp WHERE 1=0;

테이블이 생성되었습니다.

SQL> SELECT * FROM emp05;

선택된 레코드가 없습니다.

SQL> DESC emp05;
 이름                                                  널?      유형
 ----------------------------------------------------- -------- ------------------------------------
 EMPNO                                                          NUMBER(4)
 ENAME                                                          VARCHAR2(10)
 JOB                                                            VARCHAR2(9)
 MGR                                                            NUMBER(4)
 HIREDATE                                                       DATE
 SAL                                                            NUMBER(7,2)
 COMM                                                           NUMBER(7,2)
 DEPTNO                                                         NUMBER(2)

SQL> DESC emp01;
 이름                                                  널?      유형
 ----------------------------------------------------- -------- ------------------------------------
 EMPNO                                                          NUMBER(4)
 ENAME                                                          VARCHAR2(20)
 SAL                                                            NUMBER(7,2)

SQL> ALTER TABLE emp01 ADD(job VARCHAR2(9));

테이블이 변경되었습니다.

SQL> DESC emp01;
 이름                                                  널?      유형
 ----------------------------------------------------- -------- ------------------------------------
 EMPNO                                                          NUMBER(4)
 ENAME                                                          VARCHAR2(20)
 SAL                                                            NUMBER(7,2)
 JOB                                                            VARCHAR2(9)

SQL> DESC emp01;
 이름                                                  널?      유형
 ----------------------------------------------------- -------- ------------------------------------
 EMPNO                                                          NUMBER(4)
 ENAME                                                          VARCHAR2(20)
 SAL                                                            NUMBER(7,2)
 JOB                                                            VARCHAR2(9)

SQL> ALTER TABLE emp01 MODIFY(job VARCHAR2(30));

테이블이 변경되었습니다.

SQL> clear clearn
SP2-0158: 알 수 없는 CLEAR 옵션 "clearn"
SQL> 
SQL> 
SQL> 
SQL> clear screen

SQL> DESC emp01;
 이름                                                  널?      유형
 ----------------------------------------------------- -------- ------------------------------------
 EMPNO                                                          NUMBER(4)
 ENAME                                                          VARCHAR2(20)
 SAL                                                            NUMBER(7,2)
 JOB                                                            VARCHAR2(30)

SQL> DESC emp01;
 이름                                                  널?      유형
 ----------------------------------------------------- -------- ------------------------------------
 EMPNO                                                          NUMBER(4)
 ENAME                                                          VARCHAR2(20)
 SAL                                                            NUMBER(7,2)
 JOB                                                            VARCHAR2(30)

SQL> ALTER TABLE emp01 DROP COLUMN job;

테이블이 변경되었습니다.

SQL> DESC emp01;
 이름                                                  널?      유형
 ----------------------------------------------------- -------- ------------------------------------
 EMPNO                                                          NUMBER(4)
 ENAME                                                          VARCHAR2(20)
 SAL                                                            NUMBER(7,2)

SQL> SPOOL OFF
