SQL> INSERT INTO emp23(empno, ename) VALUES(1111, 'FINDME');

1 개의 행이 만들어졌습니다.

SQL> SET TIMING ON
SQL> SELECT empno, ename FROM emp23
  2  WHERE ename='FINDME';

     EMPNO ENAME                                                                                    
---------- ----------                                                                               
      1111 FINDME                                                                                   

경   과: 00:04:33.19
SQL> CREATE INDEX idx_emp23_ename
  2  ON emp23(ename);

인덱스가 생성되었습니다.

경   과: 00:02:48.48
SQL> SELECT index_name, table_name
  2  FROM USER_INDEXES
  3  WHERE table_name IN('EMP23');

INDEX_NAME                     TABLE_NAME                                                           
------------------------------ ------------------------------                                       
IDX_EMP23_ENAME                EMP23                                                                

경   과: 00:00:00.77
SQL> SELECT index_name, table_name, column_name
  2  FROM USER_IND_COLUMNS
  3  WHERE table_name IN('EMP23');

INDEX_NAME                     TABLE_NAME                                                           
------------------------------ ------------------------------                                       
COLUMN_NAME                                                                                         
----------------------------------------------------------------------------------------------------
IDX_EMP23_ENAME                EMP23                                                                
ENAME                                                                                               
                                                                                                    

경   과: 00:00:00.07
SQL> COL table_name FORMAT A15
SQL> COL column_name FORMAT A15
SQL> 
SQL> 
SQL> SELECT index_name, table_name, column_name
  2  FROM USER_IND_COLUMNS
  3  WHERE table_name IN('EMP23');

INDEX_NAME                     TABLE_NAME      COLUMN_NAME                                          
------------------------------ --------------- ---------------                                      
IDX_EMP23_ENAME                EMP23           ENAME                                                

경   과: 00:00:00.00
SQL> SELECT empno, ename FROM emp23
  2  WHERE ename='FINDME';

     EMPNO ENAME                                                                                    
---------- ----------                                                                               
      1111 FINDME                                                                                   

경   과: 00:00:00.34
SQL> clear screen

SQL> DROP INDEX idx_emp23_ename;

인덱스가 삭제되었습니다.

경   과: 00:00:00.61
SQL> SELECT index_name, table_name
  2  FROM USER_INDEXES
  3  WHERE table_name IN('EMP23');

선택된 레코드가 없습니다.

경   과: 00:00:00.00
SQL> SELECT empno, ename FROM emp23
  2  WHERE ename='FINDME';

     EMPNO ENAME                                                                                    
---------- ----------                                                                               
      1111 FINDME                                                                                   

경   과: 00:00:42.18
SQL> 
SQL> 
SQL> CREATE INDEX idx_emp23_ename
  2  ON emp23(ename);

인덱스가 생성되었습니다.

경   과: 00:00:42.90
SQL> 
SQL> ALTER INDEX idx_emp23_ename REBUILD;

인덱스가 변경되었습니다.

경   과: 00:00:00.11
SQL> 
SQL> 
SQL> CREATE SEQUENCE sample_seq;

시퀀스가 생성되었습니다.

경   과: 00:00:00.08
SQL> SELECT sequence_name, min_value, max_value, increment_by,
  2  cycle_flag FROM USER_SEQUENCES;

SEQUENCE_NAME                   MIN_VALUE  MAX_VALUE INCREMENT_BY C                                 
------------------------------ ---------- ---------- ------------ -                                 
SAMPLE_SEQ                              1 1.0000E+28            1 N                                 

경   과: 00:00:00.03
SQL> SELECT sample_seq.currval FROM dual;
SELECT sample_seq.currval FROM dual
       *
1행에 오류:
ORA-08002: 시퀀스 SAMPLE_SEQ.CURRVAL은 이 세션에서는 정의 되어 있지 않습니다 


경   과: 00:00:00.01
SQL> SELECT sample_seq.nextval FROM dual;

   NEXTVAL                                                                                          
----------                                                                                          
         1                                                                                          

경   과: 00:00:00.00
SQL> SELECT sample_seq.currval FROM dual;

   CURRVAL                                                                                          
----------                                                                                          
         1                                                                                          

경   과: 00:00:00.00
SQL> 
SQL> 
SQL> 
SQL> 
SQL> CREATE SEQUENCE emp_seq
  2  START WITH 1
  3  INCREMENT BY 1
  4  MAXVALUE 100000;

시퀀스가 생성되었습니다.

경   과: 00:00:00.03
SQL> CREATE TABLE emp25(
  2  empno NUMBER(4) PRIMARY KEY,
  3  ename VARCHAR2(10),
  4  hiredate DATA
  5  );
hiredate DATA
         *
4행에 오류:
ORA-00902: 데이터유형이 부적합합니다 


경   과: 00:00:00.01
SQL> CREATE TABLE emp25(
  2  empno NUMBER(4) PRIMARY KEY,
  3  ename VARCHAR2(10),
  4  hiredate DATE
  5  );

테이블이 생성되었습니다.

경   과: 00:00:00.29
SQL> SELECT constraint_name, column_name, table_name
  2  FROM USER_CONS_COLUMNS
  3  WHERE table_name='EMP25';

CONSTRAINT_NAME                COLUMN_NAME     TABLE_NAME                                           
------------------------------ --------------- ---------------                                      
SYS_C0011236                   EMPNO           EMP25                                                

경   과: 00:00:00.03
SQL> INSERT INTO emp25
  2  VALUES(emp_seq.nextval, 'SELINA', sysdate);

1 개의 행이 만들어졌습니다.

경   과: 00:00:00.03
SQL> SELECT * FROM emp25;

     EMPNO ENAME      HIREDATE                                                                      
---------- ---------- --------                                                                      
         2 SELINA     19/12/19                                                                      

경   과: 00:00:00.00
SQL> INSERT INTO emp25
  2  VALUES(emp_seq.nextval, 'SELINA', sysdate);

1 개의 행이 만들어졌습니다.

경   과: 00:00:00.00
SQL> SELECT * FROM emp25;

     EMPNO ENAME      HIREDATE                                                                      
---------- ---------- --------                                                                      
         2 SELINA     19/12/19                                                                      
         3 SELINA     19/12/19                                                                      

경   과: 00:00:00.00
SQL> INSERT INTO emp25
  2  VALUES(emp_seq.nextval, 'SELINA', sysdate);

1 개의 행이 만들어졌습니다.

경   과: 00:00:00.00
SQL> SELECT * FROM emp25;

     EMPNO ENAME      HIREDATE                                                                      
---------- ---------- --------                                                                      
         2 SELINA     19/12/19                                                                      
         3 SELINA     19/12/19                                                                      
         4 SELINA     19/12/19                                                                      

경   과: 00:00:00.00
SQL> DROP SEQUENCE emp_seq;

시퀀스가 삭제되었습니다.

경   과: 00:00:00.05
SQL> SELECT * FROM emp25;

     EMPNO ENAME      HIREDATE                                                                      
---------- ---------- --------                                                                      
         2 SELINA     19/12/19                                                                      
         3 SELINA     19/12/19                                                                      
         4 SELINA     19/12/19                                                                      

경   과: 00:00:00.00
SQL> SELECT emp_seq.currval FROM dual;
SELECT emp_seq.currval FROM dual
       *
1행에 오류:
ORA-02289: 시퀀스가 존재하지 않습니다. 


경   과: 00:00:00.00
SQL> SELECT emp_seq.nextval FROM dual;
SELECT emp_seq.nextval FROM dual
       *
1행에 오류:
ORA-02289: 시퀀스가 존재하지 않습니다. 


경   과: 00:00:00.00
SQL> INSERT INTO emp25
  2  VALUES(2, 'SELINA', sysdate);
INSERT INTO emp25
*
1행에 오류:
ORA-00001: 무결성 제약 조건(SCOTT.SYS_C0011236)에 위배됩니다 


경   과: 00:00:00.00
SQL> SPOOL OFF
