SQL> sqlplus codelab/oracle_11g
SP2-0734: "sqlplus co..."(으)로 시작되는 알 수 없는 명령 - 나머지 줄은 무시되었습니다.
SQL> conn codelab/oracle_11g
연결되었습니다.
SQL> SELECT * FROM classroom;

       NUM NAME                                                                 
---------- --------------------                                                 
         1 홍길동                                                               
         2 이순신                                                               
         3 이순신                                                               
         4 이순신                                                               
         5 이순신                                                               

SQL> DESC classroom;
 이름                                      널?      유형
 ----------------------------------------- -------- ----------------------------
 NUM                                       NOT NULL NUMBER
 NAME                                               VARCHAR2(20)

SQL> CREATE TABLE member(
  2  id VARCHAR2(20) PRIMARY KEY,
  3  pw VARCHAR2(20),
  4  name VARCHAR2(20),
  5  phone VARCHAR2(20)
  6  );

테이블이 생성되었습니다.

SQL> DESC member;
 이름                                      널?      유형
 ----------------------------------------- -------- ----------------------------
 ID                                        NOT NULL VARCHAR2(20)
 PW                                                 VARCHAR2(20)
 NAME                                               VARCHAR2(20)
 PHONE                                              VARCHAR2(20)

SQL> INSERT INTO member(id, pw, name, phone) VALUES('abc', '12345678', '홍길동', '010-1234-5678');

1 개의 행이 만들어졌습니다.

SQL> INSERT INTO member(id, pw, name, phone) VALUES('def', '56789012', '김철수', '010-3456-6789');

1 개의 행이 만들어졌습니다.

SQL> INSERT INTO member(id, pw, name, phone) VALUES('ghi', '90123456', '이순신', '010-9012-3456');

1 개의 행이 만들어졌습니다.

SQL> INSERT INTO member(id, pw, name, phone) VALUES('jkl', '34567890', '최고수', '010-3456-3678');

1 개의 행이 만들어졌습니다.

SQL> INSERT INTO member(id, pw, name, phone) VALUES('mno', '78901234', '일지매', '010-7890-8341');

1 개의 행이 만들어졌습니다.

SQL> SELECT * FROM member;

ID                   PW                   NAME                                  
-------------------- -------------------- --------------------                  
PHONE                                                                           
--------------------                                                            
abc                  12345678             홍길동                                
010-1234-5678                                                                   
                                                                                
def                  56789012             김철수                                
010-3456-6789                                                                   
                                                                                
ghi                  90123456             이순신                                
010-9012-3456                                                                   
                                                                                

ID                   PW                   NAME                                  
-------------------- -------------------- --------------------                  
PHONE                                                                           
--------------------                                                            
jkl                  34567890             최고수                                
010-3456-3678                                                                   
                                                                                
mno                  78901234             일지매                                
010-7890-8341                                                                   
                                                                                

SQL> SELECT * FROM member;

ID                   PW                   NAME                                  
-------------------- -------------------- --------------------                  
PHONE                                                                           
--------------------                                                            
abc                  12345678             홍길동                                
010-1234-5678                                                                   
                                                                                
def                  56789012             김철수                                
010-3456-6789                                                                   
                                                                                
ghi                  90123456             이순신                                
010-9012-3456                                                                   
                                                                                

ID                   PW                   NAME                                  
-------------------- -------------------- --------------------                  
PHONE                                                                           
--------------------                                                            
jkl                  34567890             최고수                                
010-3456-3678                                                                   
                                                                                
mno                  78901234             일지매                                
010-7890-8341                                                                   
                                                                                

SQL> SET LINES 100
SQL> SELECT * FROM member;

ID                   PW                   NAME                 PHONE                                
-------------------- -------------------- -------------------- --------------------                 
abc                  12345678             홍길동               010-1234-5678                        
def                  56789012             김철수               010-3456-6789                        
ghi                  90123456             이순신               010-9012-3456                        
jkl                  34567890             최고수               010-3456-3678                        
mno                  78901234             일지매               010-7890-8341                        

SQL> COMMIT;

커밋이 완료되었습니다.

SQL> SPOOL OFF
